// Jest Snapshot v1, https://goo.gl/fbAQLP

exports[`renders correctly 1`] = `
<View
  style={
    {
      "padding": 15,
    }
  }
>
  <Text
    style={
      {
        "backgroundColor": "pink",
      }
    }
  >
    Holaa
  </Text>
</View>
`;
